******************************************************************************
                  TI ARM Linker PC v16.9.4                     
******************************************************************************
>> Linked Wed Oct 25 12:18:55 2017

OUTPUT FILE NAME:   <Lab_6.out>
ENTRY POINT SYMBOL: "_c_int00"  address: 000043c5


MEMORY CONFIGURATION

         name            origin    length      used     unused   attr    fill
----------------------  --------  ---------  --------  --------  ----  --------
  MAIN                  00000000   00040000  000050a2  0003af5e  R  X
  INFO                  00200000   00004000  00000000  00004000  R  X
  SRAM_CODE             01000000   00010000  00000b38  0000f4c8  RW X
  SRAM_DATA             20000000   00010000  00000b38  0000f4c8  RW  


SEGMENT ALLOCATION MAP

run origin  load origin   length   init length attrs members
----------  ----------- ---------- ----------- ----- -------
00000000    00000000    000050a8   000050a8    r-x
  00000000    00000000    000000e4   000000e4    r-- .intvecs
  000000e4    000000e4    00004cc6   00004cc6    r-x .text
  00004dac    00004dac    00000200   00000200    r-- .const
  00004fb0    00004fb0    000000f8   000000f8    r-- .cinit
20000000    20000000    00000938   00000000    rw-
  20000000    20000000    00000400   00000000    rw- .sysmem
  20000400    20000400    000002c4   00000000    rw- .bss
  200006c4    200006c4    00000274   00000000    rw- .data
2000fe00    2000fe00    00000200   00000000    rw-
  2000fe00    2000fe00    00000200   00000000    rw- .stack


SECTION ALLOCATION MAP

 output                                  attributes/
section   page    origin      length       input sections
--------  ----  ----------  ----------   ----------------
.intvecs   0    00000000    000000e4     
                  00000000    000000e4     startup_msp432p401r_ccs.obj (.intvecs:retain)

.binit     0    00000000    00000000     

.text      0    000000e4    00004cc6     
                  000000e4    0000113e     rtsv7M4_T_le_v4SPD16_eabi.lib : _printfi.obj (.text)
                  00001222    00000002                                   : mpu_init.obj (.text)
                  00001224    000003d0                                   : memory.obj (.text)
                  000015f4    00000354     main.obj (.text)
                  00001948    0000032c     system_msp432p401r.obj (.text)
                  00001c74    000001f4     rtsv7M4_T_le_v4SPD16_eabi.lib : ull_div_t2.obj (.text)
                  00001e68    000001d4     msp432p4xx_driverlib.lib : flash.o (.text:FlashCtl_verifyMemory)
                  0000203c    000001c4     rtsv7M4_T_le_v4SPD16_eabi.lib : fopen.obj (.text)
                  00002200    000001b6                                   : fd_add_t2.obj (.text)
                  000023b6    00000002                                   : startup.obj (.text)
                  000023b8    00000180     msp432p4xx_driverlib.lib : flash.o (.text:_FlashCtl_ProgramBurst)
                  00002538    00000154                              : adc14.o (.text:_getIndexForMemRegister)
                  0000268c    0000014c                              : cs.o (.text:CS_setDCOFrequency)
                  000027d8    00000136     rtsv7M4_T_le_v4SPD16_eabi.lib : fd_div_t2.obj (.text)
                  0000290e    00000002     --HOLE-- [fill = 0]
                  00002910    00000134                                   : fputs.obj (.text)
                  00002a44    000000fc                                   : fd_mul_t2.obj (.text)
                  00002b40    000000fc                                   : s_scalbn.obj (.text)
                  00002c3c    000000fa     msp432p4xx_driverlib.lib : flash.o (.text:FlashCtl_programMemory)
                  00002d36    00000002     --HOLE-- [fill = 0]
                  00002d38    000000ec                              : flash.o (.text:FlashCtl_eraseSector)
                  00002e24    000000e4                              : flash.o (.text:__FlashCtl_remaskBurstDataPost)
                  00002f08    000000e4                              : flash.o (.text:__FlashCtl_remaskBurstDataPre)
                  00002fec    000000e0                              : cs.o (.text:CS_initClockSignal)
                  000030cc    000000dc     rtsv7M4_T_le_v4SPD16_eabi.lib : setvbuf.obj (.text)
                  000031a8    000000c8                                   : fflush.obj (.text)
                  00003270    000000bc                                   : open.obj (.text)
                  0000332c    000000b2     msp432p4xx_driverlib.lib : timer_a.o (.text:privateTimer_AProcessClockSourceDivider)
                  000033de    00000002     --HOLE-- [fill = 0]
                  000033e0    000000b0                              : flash.o (.text:_FlashCtl_Program32)
                  00003490    000000ac                              : flash.o (.text:__FlashCtl_remaskData32Post)
                  0000353c    000000ac                              : flash.o (.text:__FlashCtl_remaskData32Pre)
                  000035e8    000000ac     rtsv7M4_T_le_v4SPD16_eabi.lib : _io_perm.obj (.text)
                  00003694    000000a8     msp432p4xx_driverlib.lib : flash.o (.text:_FlashCtl_Program8)
                  0000373c    0000009c     rtsv7M4_T_le_v4SPD16_eabi.lib : memcpy_t2.obj (.text)
                  000037d8    00000098                                   : fclose.obj (.text)
                  00003870    00000098                                   : fputc.obj (.text)
                  00003908    00000094     msp432p4xx_driverlib.lib : uart.o (.text:UART_initModule)
                  0000399c    00000086     rtsv7M4_T_le_v4SPD16_eabi.lib : fd_cmp_t2.obj (.text:__aeabi_cdcmple)
                  00003a22    00000086                                   : fd_cmp_t2.obj (.text:__aeabi_cdrcmple)
                  00003aa8    0000007a                                   : memset_t2.obj (.text)
                  00003b22    00000002     --HOLE-- [fill = 0]
                  00003b24    00000070                                   : autoinit.obj (.text)
                  00003b94    00000070                                   : getdevice.obj (.text)
                  00003c04    00000070                                   : printf.obj (.text)
                  00003c74    0000006e                                   : fd_tos_t2.obj (.text)
                  00003ce2    00000002     --HOLE-- [fill = 0]
                  00003ce4    0000006c     msp432p4xx_driverlib.lib : adc14.o (.text:ADC14_configureConversionMemory)
                  00003d50    0000006c                              : flash.o (.text:__FlashCtl_remaskData8Pre)
                  00003dbc    0000006c     rtsv7M4_T_le_v4SPD16_eabi.lib : hostrename.obj (.text)
                  00003e28    00000068     msp432p4xx_driverlib.lib : flash.o (.text:__FlashCtl_remaskData8Post)
                  00003e90    00000068     rtsv7M4_T_le_v4SPD16_eabi.lib : copy_decompress_lzss.obj (.text:decompress:lzss)
                  00003ef8    00000068                                   : hostlseek.obj (.text)
                  00003f60    00000068                                   : trgmsg.obj (.text)
                  00003fc8    00000064     msp432p4xx_driverlib.lib : interrupt.o (.text:Interrupt_enableInterrupt)
                  0000402c    00000064     rtsv7M4_T_le_v4SPD16_eabi.lib : fseek.obj (.text)
                  00004090    00000064                                   : s_frexp.obj (.text)
                  000040f4    00000060                                   : hostopen.obj (.text)
                  00004154    00000060                                   : sprintf.obj (.text)
                  000041b4    0000005c                                   : close.obj (.text)
                  00004210    00000058     msp432p4xx_driverlib.lib : flash.o (.text:FlashCtl_isSectorProtected)
                  00004268    00000058                              : flash.o (.text:FlashCtl_unprotectSector)
                  000042c0    00000058     rtsv7M4_T_le_v4SPD16_eabi.lib : hostread.obj (.text)
                  00004318    00000058                                   : hostwrite.obj (.text)
                  00004370    00000054     msp432p4xx_driverlib.lib : cs.o (.text:CS_tuneDCOFrequency)
                  000043c4    00000054     rtsv7M4_T_le_v4SPD16_eabi.lib : boot.obj (.text)
                  00004418    00000054                                   : exit.obj (.text)
                  0000446c    00000054                                   : ltoa.obj (.text)
                  000044c0    00000050     msp432p4xx_driverlib.lib : flash.o (.text:FlashCtl_protectSector)
                  00004510    00000050                              : sysctl.o (.text:SysCtl_getTLVInfo)
                  00004560    0000004c                              : flash.o (.text:FlashCtl_setReadMode)
                  000045ac    0000004c     rtsv7M4_T_le_v4SPD16_eabi.lib : atoi.obj (.text)
                  000045f8    0000004c                                   : cpy_tbl.obj (.text)
                  00004644    00000048     msp432p4xx_driverlib.lib : gpio.o (.text:GPIO_setAsPeripheralModuleFunctionInputPin)
                  0000468c    00000048     rtsv7M4_T_le_v4SPD16_eabi.lib : fd_toi_t2.obj (.text)
                  000046d4    00000044     msp432p4xx_driverlib.lib : adc14.o (.text:ADC14_configureSingleSampleMode)
                  00004718    00000044                              : timer_a.o (.text:Timer_A_configureUpMode)
                  0000475c    00000044     rtsv7M4_T_le_v4SPD16_eabi.lib : hostclose.obj (.text)
                  000047a0    00000044                                   : hostunlink.obj (.text)
                  000047e4    0000003c     msp432p4xx_driverlib.lib : flash.o (.text:FlashCtl_clearProgramVerification)
                  00004820    00000038                              : adc14.o (.text:ADC14_initModule)
                  00004858    00000038                              : flash.o (.text:FlashCtl_setProgramVerification)
                  00004890    00000038     rtsv7M4_T_le_v4SPD16_eabi.lib : fs_tod_t2.obj (.text)
                  000048c8    00000036                                   : strncpy.obj (.text)
                  000048fe    00000002     --HOLE-- [fill = 0]
                  00004900    00000030     msp432p4xx_driverlib.lib : gpio.o (.text:GPIO_setAsInputPinWithPullUpResistor)
                  00004930    0000002e     rtsv7M4_T_le_v4SPD16_eabi.lib : i_tofd_t2.obj (.text)
                  0000495e    00000002     --HOLE-- [fill = 0]
                  00004960    0000002c     msp432p4xx_driverlib.lib : adc14.o (.text:ADC14_enableConversion)
                  0000498c    0000002c     rtsv7M4_T_le_v4SPD16_eabi.lib : unlink.obj (.text)
                  000049b8    00000028     msp432p4xx_driverlib.lib : adc14.o (.text:ADC14_enableSampleTimer)
                  000049e0    00000028                              : flash.o (.text:FlashCtl_setWaitState)
                  00004a08    00000028     rtsv7M4_T_le_v4SPD16_eabi.lib : lseek.obj (.text)
                  00004a30    00000028                                   : write.obj (.text)
                  00004a58    00000024     msp432p4xx_driverlib.lib : cs.o (.text:CS_setDCOCenteredFrequency)
                  00004a7c    00000024                              : flash.o (.text:FlashCtl_getReadMode)
                  00004aa0    00000024                              : gpio.o (.text:GPIO_setAsOutputPin)
                  00004ac4    00000024                              : uart.o (.text:UART_transmitData)
                  00004ae8    00000020                              : adc14.o (.text:ADC14_toggleConversionTrigger)
                  00004b08    00000020                              : flash.o (.text:FlashCtl_enableWordProgramming)
                  00004b28    00000020     rtsv7M4_T_le_v4SPD16_eabi.lib : memchr.obj (.text)
                  00004b48    0000001c     msp432p4xx_driverlib.lib : flash.o (.text:FlashCtl_getWaitState)
                  00004b64    0000001c     rtsv7M4_T_le_v4SPD16_eabi.lib : memccpy.obj (.text)
                  00004b80    0000001a     msp432p4xx_driverlib.lib : timer_a.o (.text:Timer_A_clearCaptureCompareInterrupt)
                  00004b9a    00000002     --HOLE-- [fill = 0]
                  00004b9c    00000018                              : adc14.o (.text:ADC14_getResult)
                  00004bb4    00000018                              : gpio.o (.text:GPIO_getInputPinValue)
                  00004bcc    00000018                              : gpio.o (.text:GPIO_setOutputLowOnPin)
                  00004be4    00000018                              : wdt_a.o (.text:WDT_A_holdTimer)
                  00004bfc    00000018     rtsv7M4_T_le_v4SPD16_eabi.lib : args_main.obj (.text)
                  00004c14    00000018                                   : strcmp.obj (.text)
                  00004c2c    00000016                                   : strchr.obj (.text)
                  00004c42    00000002     --HOLE-- [fill = 0]
                  00004c44    00000014     msp432p4xx_driverlib.lib : adc14.o (.text:ADC14_isBusy)
                  00004c58    00000014                              : adc14.o (.text:ADC14_setResolution)
                  00004c6c    00000014                              : adc14.o (.text:ADCIsConversionRunning)
                  00004c80    00000014                              : gpio.o (.text:GPIO_setOutputHighOnPin)
                  00004c94    00000014     rtsv7M4_T_le_v4SPD16_eabi.lib : _lock.obj (.text)
                  00004ca8    00000014                                   : s_copysign.obj (.text)
                  00004cbc    00000014                                   : strcpy.obj (.text)
                  00004cd0    00000014                                   : strlen.obj (.text)
                  00004ce4    00000010     msp432p4xx_driverlib.lib : adc14.o (.text:ADC14_enableModule)
                  00004cf4    00000010                              : flash.o (.text:FlashCtl_disableWordProgramming)
                  00004d04    00000010                              : interrupt.o (.text:Interrupt_disableMaster)
                  00004d14    00000010                              : interrupt.o (.text:Interrupt_enableMaster)
                  00004d24    0000000e     rtsv7M4_T_le_v4SPD16_eabi.lib : copy_decompress_none.obj (.text:decompress:none)
                  00004d32    0000000e     startup_msp432p401r_ccs.obj (.text)
                  00004d40    0000000c     msp432p4xx_driverlib.lib : cpu.o (.text:CPU_cpsid)
                  00004d4c    0000000c                              : cpu.o (.text:CPU_cpsie)
                  00004d58    0000000c                              : flash.o (.text:FlashCtl_getInterruptStatus)
                  00004d64    0000000c                              : sysctl.o (.text:SysCtl_getFlashSize)
                  00004d70    0000000c                              : timer_a.o (.text:Timer_A_clearInterruptFlag)
                  00004d7c    0000000c                              : uart.o (.text:UART_enableModule)
                  00004d88    0000000c     rtsv7M4_T_le_v4SPD16_eabi.lib : copy_zero_init.obj (.text:decompress:ZI)
                  00004d94    0000000a     msp432p4xx_driverlib.lib : cpu.o (.text:CPU_primask)
                  00004d9e    00000008                              : timer_a.o (.text:Timer_A_startCounter)
                  00004da6    00000004     rtsv7M4_T_le_v4SPD16_eabi.lib : pre_init.obj (.text)

.const     0    00004dac    00000200     
                  00004dac    00000101     rtsv7M4_T_le_v4SPD16_eabi.lib : ctype.obj (.const:.string:_ctypes_)
                  00004ead    00000003     --HOLE-- [fill = 0]
                  00004eb0    00000080     msp432p4xx_driverlib.lib : adc14.o (.const:_ctlRegs)
                  00004f30    00000040                              : interrupt.o (.const)
                  00004f70    00000024     main.obj (.const:uartConfig)
                  00004f94    00000018     main.obj (.const:upConfig_0)

.cinit     0    00004fb0    000000f8     
                  00004fb0    000000d1     (.cinit..data.load) [load image, compression = lzss]
                  00005081    00000003     --HOLE-- [fill = 0]
                  00005084    0000000c     (__TI_handler_table)
                  00005090    00000008     (.cinit..bss.load) [load image, compression = zero_init]
                  00005098    00000010     (__TI_cinit_table)

.init_array 
*          0    00000000    00000000     UNINITIALIZED

.sysmem    0    20000000    00000400     UNINITIALIZED
                  20000000    00000008     rtsv7M4_T_le_v4SPD16_eabi.lib : memory.obj (.sysmem)
                  20000008    000003f8     --HOLE--

.bss       0    20000400    000002c4     UNINITIALIZED
                  20000400    00000120     rtsv7M4_T_le_v4SPD16_eabi.lib : trgmsg.obj (.bss:_CIOBUF_)
                  20000520    000000a0     (.common:__TI_tmpnams)
                  200005c0    00000078     (.common:data)
                  20000638    00000078     (.common:outArray)
                  200006b0    0000000c     (.common:outputString)
                  200006bc    00000008     (.common:parmbuf)

.data      0    200006c4    00000274     UNINITIALIZED
                  200006c4    000000f0     rtsv7M4_T_le_v4SPD16_eabi.lib : defs.obj (.data:_ftable)
                  200007b4    00000078                                   : write.obj (.data:_device)
                  2000082c    00000050                                   : write.obj (.data:_stream)
                  2000087c    00000040     msp432p4xx_driverlib.lib : flash.o (.data:__getBurstProgramRegs)
                  200008bc    00000030                              : gpio.o (.data:GPIO_PORT_TO_BASE)
                  200008ec    00000010     rtsv7M4_T_le_v4SPD16_eabi.lib : defs.obj (.data)
                  200008fc    0000000c                                   : exit.obj (.data:$O1$$)
                  20000908    0000000c                                   : memory.obj (.data:$O1$$)
                  20000914    00000008                                   : _lock.obj (.data:$O1$$)
                  2000091c    00000008     main.obj (.data)
                  20000924    00000004     rtsv7M4_T_le_v4SPD16_eabi.lib : errno.obj (.data)
                  20000928    00000004                                   : fopen.obj (.data)
                  2000092c    00000004                                   : open.obj (.data)
                  20000930    00000004                                   : stkdepth_vars.obj (.data)
                  20000934    00000004     system_msp432p401r.obj (.data)

.stack     0    2000fe00    00000200     UNINITIALIZED
                  2000fe00    00000200     --HOLE--

MODULE SUMMARY

       Module                        code    ro data   rw data
       ------                        ----    -------   -------
    .\
       main.obj                      852     60        520    
       system_msp432p401r.obj        812     0         8      
       startup_msp432p401r_ccs.obj   14      228       0      
    +--+-----------------------------+-------+---------+---------+
       Total:                        1678    288       528    
                                                              
    C:/ti/msp432_driverlib_3_21_00_05/driverlib/MSP432P4xx/ccs/msp432p4xx_driverlib.lib
       flash.o                       3306    0         128    
       adc14.o                       788     128       0      
       cs.o                          676     0         0      
       gpio.o                        224     0         96     
       timer_a.o                     292     0         0      
       interrupt.o                   132     64        0      
       uart.o                        196     0         0      
       sysctl.o                      92      0         0      
       cpu.o                         34      0         0      
       wdt_a.o                       24      0         0      
    +--+-----------------------------+-------+---------+---------+
       Total:                        5764    192       224    
                                                              
    C:\ti\ccsv7\tools\compiler\ti-cgt-arm_16.9.4.LTS\lib\rtsv7M4_T_le_v4SPD16_eabi.lib
       _printfi.obj                  4414    0         0      
       memory.obj                    976     0         24     
       defs.obj                      0       0         832    
       trgmsg.obj                    104     0         576    
       ull_div_t2.obj                500     0         0      
       fopen.obj                     452     0         8      
       write.obj                     40      0         400    
       fd_add_t2.obj                 438     0         0      
       fd_div_t2.obj                 310     0         0      
       fputs.obj                     308     0         0      
       fd_cmp_t2.obj                 268     0         0      
       ctype.obj                     0       257       0      
       fd_mul_t2.obj                 252     0         0      
       s_scalbn.obj                  252     0         0      
       setvbuf.obj                   220     0         0      
       fflush.obj                    200     0         0      
       open.obj                      188     0         8      
       _io_perm.obj                  172     0         0      
       memcpy_t2.obj                 156     0         0      
       fclose.obj                    152     0         0      
       fputc.obj                     152     0         0      
       memset_t2.obj                 122     0         0      
       autoinit.obj                  112     0         0      
       getdevice.obj                 112     0         0      
       hostopen.obj                  96      0         16     
       printf.obj                    112     0         0      
       fd_tos_t2.obj                 110     0         0      
       exit.obj                      84      0         24     
       hostrename.obj                108     0         0      
       copy_decompress_lzss.obj      104     0         0      
       hostlseek.obj                 104     0         0      
       fseek.obj                     100     0         0      
       s_frexp.obj                   100     0         0      
       sprintf.obj                   96      0         0      
       close.obj                     92      0         0      
       hostread.obj                  88      0         0      
       hostwrite.obj                 88      0         0      
       boot.obj                      84      0         0      
       ltoa.obj                      84      0         0      
       atoi.obj                      76      0         0      
       cpy_tbl.obj                   76      0         0      
       fd_toi_t2.obj                 72      0         0      
       hostclose.obj                 68      0         0      
       hostunlink.obj                68      0         0      
       fs_tod_t2.obj                 56      0         0      
       strncpy.obj                   54      0         0      
       i_tofd_t2.obj                 46      0         0      
       unlink.obj                    44      0         0      
       lseek.obj                     40      0         0      
       _lock.obj                     20      0         16     
       memchr.obj                    32      0         0      
       memccpy.obj                   28      0         0      
       args_main.obj                 24      0         0      
       strcmp.obj                    24      0         0      
       strchr.obj                    22      0         0      
       s_copysign.obj                20      0         0      
       strcpy.obj                    20      0         0      
       strlen.obj                    20      0         0      
       copy_decompress_none.obj      14      0         0      
       copy_zero_init.obj            12      0         0      
       errno.obj                     0       0         8      
       stkdepth_vars.obj             0       0         8      
       pre_init.obj                  4       0         0      
       mpu_init.obj                  2       0         0      
       startup.obj                   2       0         0      
    +--+-----------------------------+-------+---------+---------+
       Total:                        12194   257       1920   
                                                              
       Heap:                         0       0         2048   
       Stack:                        0       0         1024   
       Linker Generated:             0       245       0      
    +--+-----------------------------+-------+---------+---------+
       Grand Total:                  19636   982       5744   


LINKER GENERATED COPY TABLES

__TI_cinit_table @ 00005098 records: 2, size/record: 8, table size: 16
	.data: load addr=00004fb0, load size=000000d1 bytes, run addr=200006c4, run size=00000274 bytes, compression=lzss
	.bss: load addr=00005090, load size=00000008 bytes, run addr=20000400, run size=000002c4 bytes, compression=zero_init


LINKER GENERATED HANDLER TABLE

__TI_handler_table @ 00005084 records: 3, size/record: 4, table size: 12
	index: 0, handler: __TI_decompress_lzss
	index: 1, handler: __TI_decompress_none
	index: 2, handler: __TI_zero_init


GLOBAL SYMBOLS: SORTED ALPHABETICALLY BY Name 

address   name                                      
-------   ----                                      
00004d3f  ADC14_IRQHandler                          
00003ce5  ADC14_configureConversionMemory           
000046d5  ADC14_configureSingleSampleMode           
00004961  ADC14_enableConversion                    
00004ce5  ADC14_enableModule                        
000049b9  ADC14_enableSampleTimer                   
00004b9d  ADC14_getResult                           
00004821  ADC14_initModule                          
00004c45  ADC14_isBusy                              
00004c59  ADC14_setResolution                       
00004ae9  ADC14_toggleConversionTrigger             
00004d3f  AES256_IRQHandler                         
00004d3f  BusFault_Handler                          
00004419  C$$EXIT                                   
00003f8f  C$$IO$$                                   
00004d3f  COMP_E0_IRQHandler                        
00004d3f  COMP_E1_IRQHandler                        
00004d41  CPU_cpsid                                 
00004d4d  CPU_cpsie                                 
00004d95  CPU_primask                               
00004d3f  CS_IRQHandler                             
00002fed  CS_initClockSignal                        
00004a59  CS_setDCOCenteredFrequency                
0000268d  CS_setDCOFrequency                        
00004371  CS_tuneDCOFrequency                       
00004d3f  DMA_ERR_IRQHandler                        
00004d3f  DMA_INT0_IRQHandler                       
00004d3f  DMA_INT1_IRQHandler                       
00004d3f  DMA_INT2_IRQHandler                       
00004d3f  DMA_INT3_IRQHandler                       
00004d3f  DebugMon_Handler                          
00004d3f  Default_Handler                           
00004d3f  EUSCIA0_IRQHandler                        
00004d3f  EUSCIA1_IRQHandler                        
00004d3f  EUSCIA2_IRQHandler                        
00004d3f  EUSCIA3_IRQHandler                        
00004d3f  EUSCIB0_IRQHandler                        
00004d3f  EUSCIB1_IRQHandler                        
00004d3f  EUSCIB2_IRQHandler                        
00004d3f  EUSCIB3_IRQHandler                        
00004d3f  FLCTL_IRQHandler                          
00004d3f  FPU_IRQHandler                            
000047e5  FlashCtl_clearProgramVerification         
00004cf5  FlashCtl_disableWordProgramming           
00004b09  FlashCtl_enableWordProgramming            
00002d39  FlashCtl_eraseSector                      
00004d59  FlashCtl_getInterruptStatus               
00004a7d  FlashCtl_getReadMode                      
00004b49  FlashCtl_getWaitState                     
00004211  FlashCtl_isSectorProtected                
00002c3d  FlashCtl_programMemory                    
000044c1  FlashCtl_protectSector                    
00004859  FlashCtl_setProgramVerification           
00004561  FlashCtl_setReadMode                      
000049e1  FlashCtl_setWaitState                     
00004269  FlashCtl_unprotectSector                  
00001e69  FlashCtl_verifyMemory                     
00004bb5  GPIO_getInputPinValue                     
00004901  GPIO_setAsInputPinWithPullUpResistor      
00004aa1  GPIO_setAsOutputPin                       
00004645  GPIO_setAsPeripheralModuleFunctionInputPin
00004c81  GPIO_setOutputHighOnPin                   
00004bcd  GPIO_setOutputLowOnPin                    
0000475d  HOSTclose                                 
00003ef9  HOSTlseek                                 
000040f5  HOSTopen                                  
000042c1  HOSTread                                  
00003dbd  HOSTrename                                
000047a1  HOSTunlink                                
00004319  HOSTwrite                                 
00004d3f  HardFault_Handler                         
00004d05  Interrupt_disableMaster                   
00003fc9  Interrupt_enableInterrupt                 
00004d15  Interrupt_enableMaster                    
00004d3f  MemManage_Handler                         
00004d3f  NMI_Handler                               
00004d3f  PCM_IRQHandler                            
00004d3f  PORT1_IRQHandler                          
00004d3f  PORT2_IRQHandler                          
00004d3f  PORT3_IRQHandler                          
00004d3f  PORT4_IRQHandler                          
00004d3f  PORT5_IRQHandler                          
00004d3f  PORT6_IRQHandler                          
00004d3f  PSS_IRQHandler                            
00004d3f  PendSV_Handler                            
00004d3f  RTC_C_IRQHandler                          
00004d33  Reset_Handler                             
UNDEFED   SHT$$INIT_ARRAY$$Base                     
UNDEFED   SHT$$INIT_ARRAY$$Limit                    
00004d3f  SVC_Handler                               
00004d65  SysCtl_getFlashSize                       
00004511  SysCtl_getTLVInfo                         
00004d3f  SysTick_Handler                           
20000934  SystemCoreClock                           
00001949  SystemCoreClockUpdate                     
00001bbd  SystemInit                                
00004d3f  T32_INT1_IRQHandler                       
00004d3f  T32_INT2_IRQHandler                       
00004d3f  T32_INTC_IRQHandler                       
0000182f  TA0_0_IRQHandler                          
0000182f  TA0_0_IRQHandler                          
00004d3f  TA0_N_IRQHandler                          
00004d3f  TA1_0_IRQHandler                          
00004d3f  TA1_N_IRQHandler                          
00004d3f  TA2_0_IRQHandler                          
00004d3f  TA2_N_IRQHandler                          
00004d3f  TA3_0_IRQHandler                          
00004d3f  TA3_N_IRQHandler                          
00004b81  Timer_A_clearCaptureCompareInterrupt      
00004d71  Timer_A_clearInterruptFlag                
00004719  Timer_A_configureUpMode                   
00004d9f  Timer_A_startCounter                      
00004d7d  UART_enableModule                         
00003909  UART_initModule                           
00004ac5  UART_transmitData                         
00004d3f  UsageFault_Handler                        
4000480c  WDTCTL_SYM                                
00004d3f  WDT_A_IRQHandler                          
00004be5  WDT_A_holdTimer                           
20000400  __CIOBUF_                                 
00002e25  __FlashCtl_remaskBurstDataPost            
00002f09  __FlashCtl_remaskBurstDataPre             
00003491  __FlashCtl_remaskData32Post               
0000353d  __FlashCtl_remaskData32Pre                
00003e29  __FlashCtl_remaskData8Post                
00003d51  __FlashCtl_remaskData8Pre                 
20010000  __STACK_END                               
00000200  __STACK_SIZE                              
00000400  __SYSMEM_SIZE                             
00005098  __TI_CINIT_Base                           
000050a8  __TI_CINIT_Limit                          
00005084  __TI_Handler_Table_Base                   
00005090  __TI_Handler_Table_Limit                  
00003b25  __TI_auto_init                            
00002105  __TI_cleanup                              
200008fc  __TI_cleanup_ptr                          
000037d9  __TI_closefile                            
00003e91  __TI_decompress_lzss                      
00004d25  __TI_decompress_none                      
000031a9  __TI_doflush                              
20000900  __TI_dtors_ptr                            
20000904  __TI_enable_exit_profile_output           
200008ec  __TI_ft_end                               
ffffffff  __TI_pprof_out_hndl                       
00000929  __TI_printfi                              
ffffffff  __TI_prof_data_size                       
ffffffff  __TI_prof_data_start                      
0000364b  __TI_rd_ok                                
00003f93  __TI_readmsg                              
00000000  __TI_static_base__                        
20000520  __TI_tmpnams                              
00003f61  __TI_writemsg                             
000035e9  __TI_wrt_ok                               
00004d89  __TI_zero_init                            
0000399d  __aeabi_cdcmpeq                           
0000399d  __aeabi_cdcmple                           
00003a23  __aeabi_cdrcmple                          
00003c75  __aeabi_d2f                               
0000468d  __aeabi_d2iz                              
0000220b  __aeabi_dadd                              
000027d9  __aeabi_ddiv                              
00002a45  __aeabi_dmul                              
00002201  __aeabi_dsub                              
00004891  __aeabi_f2d                               
00004931  __aeabi_i2d                               
00003aa9  __aeabi_memclr                            
00003aa9  __aeabi_memclr4                           
00003aa9  __aeabi_memclr8                           
0000373d  __aeabi_memcpy                            
0000373d  __aeabi_memcpy4                           
0000373d  __aeabi_memcpy8                           
00003aab  __aeabi_memset                            
00003aab  __aeabi_memset4                           
00003aab  __aeabi_memset8                           
200008f8  __aeabi_stderr                            
200008f0  __aeabi_stdin                             
200008f4  __aeabi_stdout                            
00001c75  __aeabi_uldivmod                          
ffffffff  __binit__                                 
ffffffff  __c_args__                                
00001223  __mpu_init                                
2000fe00  __stack                                   
00004bfd  _args_main                                
000043c5  _c_int00                                  
00004dac  _ctypes_                                  
200007b4  _device                                   
200006c4  _ftable                                   
20000914  _lock                                     
00004ca3  _nop                                      
00004c9b  _register_lock                            
00004c95  _register_unlock                          
2000082c  _stream                                   
20000000  _sys_memory                               
000023b7  _system_post_cinit                        
00004da7  _system_pre_init                          
20000918  _unlock                                   
0000441d  abort                                     
000045ad  atoi                                      
ffffffff  binit                                     
000015c5  calloc                                    
000041b5  close                                     
000045f9  copy_in                                   
00004ca9  copysign                                  
00004ca9  copysignl                                 
200005c0  data                                      
20000924  errno                                     
00004425  exit                                      
0000383f  fclose                                    
000031f5  fflush                                    
00003b95  finddevice                                
0000215b  fopen                                     
00003871  fputc                                     
00002911  fputs                                     
0000130f  free                                      
00002131  freopen                                   
00004091  frexp                                     
00004091  frexpl                                    
0000402d  fseek                                     
00003bbf  getdevice                                 
20000920  i                                         
00000000  interruptVectors                          
00002b41  ldexp                                     
00002b41  ldexpl                                    
00004a09  lseek                                     
0000446d  ltoa                                      
000015f5  main                                      
20000930  main_func_sp                              
000012a5  malloc                                    
000014d9  memalign                                  
00004b65  memccpy                                   
00004b29  memchr                                    
0000373d  memcpy                                    
00003ab1  memset                                    
00001225  minit                                     
00003271  open                                      
20000638  outArray                                  
200006b0  outputString                              
200006bc  parmbuf                                   
00003c0d  printf                                    
00003871  putc                                      
000038f5  putchar                                   
00002a1d  puts                                      
000013d1  realloc                                   
0000498d  remove                                    
00002b41  scalbn                                    
00002b41  scalbnl                                   
000030cd  setvbuf                                   
00004155  sprintf                                   
00004c2d  strchr                                    
00004c15  strcmp                                    
00004cbd  strcpy                                    
00004cd1  strlen                                    
000048c9  strncpy                                   
2000091c  timer                                     
00004f70  uartConfig                                
0000498d  unlink                                    
00004f94  upConfig_0                                
00004a31  write                                     


GLOBAL SYMBOLS: SORTED BY Symbol Address 

address   name                                      
-------   ----                                      
00000000  __TI_static_base__                        
00000000  interruptVectors                          
00000200  __STACK_SIZE                              
00000400  __SYSMEM_SIZE                             
00000929  __TI_printfi                              
00001223  __mpu_init                                
00001225  minit                                     
000012a5  malloc                                    
0000130f  free                                      
000013d1  realloc                                   
000014d9  memalign                                  
000015c5  calloc                                    
000015f5  main                                      
0000182f  TA0_0_IRQHandler                          
0000182f  TA0_0_IRQHandler                          
00001949  SystemCoreClockUpdate                     
00001bbd  SystemInit                                
00001c75  __aeabi_uldivmod                          
00001e69  FlashCtl_verifyMemory                     
00002105  __TI_cleanup                              
00002131  freopen                                   
0000215b  fopen                                     
00002201  __aeabi_dsub                              
0000220b  __aeabi_dadd                              
000023b7  _system_post_cinit                        
0000268d  CS_setDCOFrequency                        
000027d9  __aeabi_ddiv                              
00002911  fputs                                     
00002a1d  puts                                      
00002a45  __aeabi_dmul                              
00002b41  ldexp                                     
00002b41  ldexpl                                    
00002b41  scalbn                                    
00002b41  scalbnl                                   
00002c3d  FlashCtl_programMemory                    
00002d39  FlashCtl_eraseSector                      
00002e25  __FlashCtl_remaskBurstDataPost            
00002f09  __FlashCtl_remaskBurstDataPre             
00002fed  CS_initClockSignal                        
000030cd  setvbuf                                   
000031a9  __TI_doflush                              
000031f5  fflush                                    
00003271  open                                      
00003491  __FlashCtl_remaskData32Post               
0000353d  __FlashCtl_remaskData32Pre                
000035e9  __TI_wrt_ok                               
0000364b  __TI_rd_ok                                
0000373d  __aeabi_memcpy                            
0000373d  __aeabi_memcpy4                           
0000373d  __aeabi_memcpy8                           
0000373d  memcpy                                    
000037d9  __TI_closefile                            
0000383f  fclose                                    
00003871  fputc                                     
00003871  putc                                      
000038f5  putchar                                   
00003909  UART_initModule                           
0000399d  __aeabi_cdcmpeq                           
0000399d  __aeabi_cdcmple                           
00003a23  __aeabi_cdrcmple                          
00003aa9  __aeabi_memclr                            
00003aa9  __aeabi_memclr4                           
00003aa9  __aeabi_memclr8                           
00003aab  __aeabi_memset                            
00003aab  __aeabi_memset4                           
00003aab  __aeabi_memset8                           
00003ab1  memset                                    
00003b25  __TI_auto_init                            
00003b95  finddevice                                
00003bbf  getdevice                                 
00003c0d  printf                                    
00003c75  __aeabi_d2f                               
00003ce5  ADC14_configureConversionMemory           
00003d51  __FlashCtl_remaskData8Pre                 
00003dbd  HOSTrename                                
00003e29  __FlashCtl_remaskData8Post                
00003e91  __TI_decompress_lzss                      
00003ef9  HOSTlseek                                 
00003f61  __TI_writemsg                             
00003f8f  C$$IO$$                                   
00003f93  __TI_readmsg                              
00003fc9  Interrupt_enableInterrupt                 
0000402d  fseek                                     
00004091  frexp                                     
00004091  frexpl                                    
000040f5  HOSTopen                                  
00004155  sprintf                                   
000041b5  close                                     
00004211  FlashCtl_isSectorProtected                
00004269  FlashCtl_unprotectSector                  
000042c1  HOSTread                                  
00004319  HOSTwrite                                 
00004371  CS_tuneDCOFrequency                       
000043c5  _c_int00                                  
00004419  C$$EXIT                                   
0000441d  abort                                     
00004425  exit                                      
0000446d  ltoa                                      
000044c1  FlashCtl_protectSector                    
00004511  SysCtl_getTLVInfo                         
00004561  FlashCtl_setReadMode                      
000045ad  atoi                                      
000045f9  copy_in                                   
00004645  GPIO_setAsPeripheralModuleFunctionInputPin
0000468d  __aeabi_d2iz                              
000046d5  ADC14_configureSingleSampleMode           
00004719  Timer_A_configureUpMode                   
0000475d  HOSTclose                                 
000047a1  HOSTunlink                                
000047e5  FlashCtl_clearProgramVerification         
00004821  ADC14_initModule                          
00004859  FlashCtl_setProgramVerification           
00004891  __aeabi_f2d                               
000048c9  strncpy                                   
00004901  GPIO_setAsInputPinWithPullUpResistor      
00004931  __aeabi_i2d                               
00004961  ADC14_enableConversion                    
0000498d  remove                                    
0000498d  unlink                                    
000049b9  ADC14_enableSampleTimer                   
000049e1  FlashCtl_setWaitState                     
00004a09  lseek                                     
00004a31  write                                     
00004a59  CS_setDCOCenteredFrequency                
00004a7d  FlashCtl_getReadMode                      
00004aa1  GPIO_setAsOutputPin                       
00004ac5  UART_transmitData                         
00004ae9  ADC14_toggleConversionTrigger             
00004b09  FlashCtl_enableWordProgramming            
00004b29  memchr                                    
00004b49  FlashCtl_getWaitState                     
00004b65  memccpy                                   
00004b81  Timer_A_clearCaptureCompareInterrupt      
00004b9d  ADC14_getResult                           
00004bb5  GPIO_getInputPinValue                     
00004bcd  GPIO_setOutputLowOnPin                    
00004be5  WDT_A_holdTimer                           
00004bfd  _args_main                                
00004c15  strcmp                                    
00004c2d  strchr                                    
00004c45  ADC14_isBusy                              
00004c59  ADC14_setResolution                       
00004c81  GPIO_setOutputHighOnPin                   
00004c95  _register_unlock                          
00004c9b  _register_lock                            
00004ca3  _nop                                      
00004ca9  copysign                                  
00004ca9  copysignl                                 
00004cbd  strcpy                                    
00004cd1  strlen                                    
00004ce5  ADC14_enableModule                        
00004cf5  FlashCtl_disableWordProgramming           
00004d05  Interrupt_disableMaster                   
00004d15  Interrupt_enableMaster                    
00004d25  __TI_decompress_none                      
00004d33  Reset_Handler                             
00004d3f  ADC14_IRQHandler                          
00004d3f  AES256_IRQHandler                         
00004d3f  BusFault_Handler                          
00004d3f  COMP_E0_IRQHandler                        
00004d3f  COMP_E1_IRQHandler                        
00004d3f  CS_IRQHandler                             
00004d3f  DMA_ERR_IRQHandler                        
00004d3f  DMA_INT0_IRQHandler                       
00004d3f  DMA_INT1_IRQHandler                       
00004d3f  DMA_INT2_IRQHandler                       
00004d3f  DMA_INT3_IRQHandler                       
00004d3f  DebugMon_Handler                          
00004d3f  Default_Handler                           
00004d3f  EUSCIA0_IRQHandler                        
00004d3f  EUSCIA1_IRQHandler                        
00004d3f  EUSCIA2_IRQHandler                        
00004d3f  EUSCIA3_IRQHandler                        
00004d3f  EUSCIB0_IRQHandler                        
00004d3f  EUSCIB1_IRQHandler                        
00004d3f  EUSCIB2_IRQHandler                        
00004d3f  EUSCIB3_IRQHandler                        
00004d3f  FLCTL_IRQHandler                          
00004d3f  FPU_IRQHandler                            
00004d3f  HardFault_Handler                         
00004d3f  MemManage_Handler                         
00004d3f  NMI_Handler                               
00004d3f  PCM_IRQHandler                            
00004d3f  PORT1_IRQHandler                          
00004d3f  PORT2_IRQHandler                          
00004d3f  PORT3_IRQHandler                          
00004d3f  PORT4_IRQHandler                          
00004d3f  PORT5_IRQHandler                          
00004d3f  PORT6_IRQHandler                          
00004d3f  PSS_IRQHandler                            
00004d3f  PendSV_Handler                            
00004d3f  RTC_C_IRQHandler                          
00004d3f  SVC_Handler                               
00004d3f  SysTick_Handler                           
00004d3f  T32_INT1_IRQHandler                       
00004d3f  T32_INT2_IRQHandler                       
00004d3f  T32_INTC_IRQHandler                       
00004d3f  TA0_N_IRQHandler                          
00004d3f  TA1_0_IRQHandler                          
00004d3f  TA1_N_IRQHandler                          
00004d3f  TA2_0_IRQHandler                          
00004d3f  TA2_N_IRQHandler                          
00004d3f  TA3_0_IRQHandler                          
00004d3f  TA3_N_IRQHandler                          
00004d3f  UsageFault_Handler                        
00004d3f  WDT_A_IRQHandler                          
00004d41  CPU_cpsid                                 
00004d4d  CPU_cpsie                                 
00004d59  FlashCtl_getInterruptStatus               
00004d65  SysCtl_getFlashSize                       
00004d71  Timer_A_clearInterruptFlag                
00004d7d  UART_enableModule                         
00004d89  __TI_zero_init                            
00004d95  CPU_primask                               
00004d9f  Timer_A_startCounter                      
00004da7  _system_pre_init                          
00004dac  _ctypes_                                  
00004f70  uartConfig                                
00004f94  upConfig_0                                
00005084  __TI_Handler_Table_Base                   
00005090  __TI_Handler_Table_Limit                  
00005098  __TI_CINIT_Base                           
000050a8  __TI_CINIT_Limit                          
20000000  _sys_memory                               
20000400  __CIOBUF_                                 
20000520  __TI_tmpnams                              
200005c0  data                                      
20000638  outArray                                  
200006b0  outputString                              
200006bc  parmbuf                                   
200006c4  _ftable                                   
200007b4  _device                                   
2000082c  _stream                                   
200008ec  __TI_ft_end                               
200008f0  __aeabi_stdin                             
200008f4  __aeabi_stdout                            
200008f8  __aeabi_stderr                            
200008fc  __TI_cleanup_ptr                          
20000900  __TI_dtors_ptr                            
20000904  __TI_enable_exit_profile_output           
20000914  _lock                                     
20000918  _unlock                                   
2000091c  timer                                     
20000920  i                                         
20000924  errno                                     
20000930  main_func_sp                              
20000934  SystemCoreClock                           
2000fe00  __stack                                   
20010000  __STACK_END                               
4000480c  WDTCTL_SYM                                
ffffffff  __TI_pprof_out_hndl                       
ffffffff  __TI_prof_data_size                       
ffffffff  __TI_prof_data_start                      
ffffffff  __binit__                                 
ffffffff  __c_args__                                
ffffffff  binit                                     
UNDEFED   SHT$$INIT_ARRAY$$Base                     
UNDEFED   SHT$$INIT_ARRAY$$Limit                    

[258 symbols]
